
 /----------------------------------------------------------------------------\
 |  yosys -- Yosys Open SYnthesis Suite                                       |
 |  Copyright (C) 2012 - 2024  Claire Xenia Wolf <claire@yosyshq.com>         |
 |  Distributed under an ISC-like license, type "license" to see terms        |
 \----------------------------------------------------------------------------/
 Yosys 0.45+106 (git sha1 dcf9f5831, g++ 9.5.0-1ubuntu1~22.04 -fPIC -O3)

-- Executing script file `scripts/synth_external_registers.ys' --

1. Executing Verilog-2005 frontend: src/nanoV/register_external.v
Parsing Verilog input from `src/nanoV/register_external.v' to AST representation.
Generating RTLIL representation for module `\nanoV_external_registers'.
Successfully finished Verilog frontend.

2. Executing HIERARCHY pass (managing design hierarchy).

2.1. Analyzing design hierarchy..
Top module:  \nanoV_external_registers

2.2. Analyzing design hierarchy..
Top module:  \nanoV_external_registers
Removed 0 unused modules.

3. Executing SYNTH pass.

3.1. Executing HIERARCHY pass (managing design hierarchy).

3.1.1. Analyzing design hierarchy..
Top module:  \nanoV_external_registers

3.1.2. Analyzing design hierarchy..
Top module:  \nanoV_external_registers
Removed 0 unused modules.

3.2. Executing PROC pass (convert processes to netlists).

3.2.1. Executing PROC_CLEAN pass (remove empty switches from decision trees).
Cleaned up 0 empty switches.

3.2.2. Executing PROC_RMDEAD pass (remove dead branches from decision trees).
Marked 3 switch rules as full_case in process $proc$src/nanoV/register_external.v:55$7 in module nanoV_external_registers.
Removed a total of 0 dead cases.

3.2.3. Executing PROC_PRUNE pass (remove redundant assignments in processes).
Removed 3 redundant assignments.
Promoted 4 assignments to connections.

3.2.4. Executing PROC_INIT pass (extract init attributes).

3.2.5. Executing PROC_ARST pass (detect async resets in processes).

3.2.6. Executing PROC_ROM pass (convert switches to ROMs).
Converted 0 switches.
<suppressed ~3 debug messages>

3.2.7. Executing PROC_MUX pass (convert decision trees to multiplexers).
Creating decoders for process `\nanoV_external_registers.$proc$src/nanoV/register_external.v:55$7'.
     1/4: $0\write_ring[31:0] [1]
     2/4: $0\write_ring[31:0] [0]
     3/4: $0\rs2_ring[31:0]
     4/4: $0\rs1_ring[31:0]

3.2.8. Executing PROC_DLATCH pass (convert process syncs to latches).

3.2.9. Executing PROC_DFF pass (convert process syncs to FFs).
Creating register for signal `\nanoV_external_registers.\rs1_ring' using process `\nanoV_external_registers.$proc$src/nanoV/register_external.v:55$7'.
  created $dff cell `$procdff$44' with positive edge clock.
Creating register for signal `\nanoV_external_registers.\rs2_ring' using process `\nanoV_external_registers.$proc$src/nanoV/register_external.v:55$7'.
  created $dff cell `$procdff$45' with positive edge clock.
Creating register for signal `\nanoV_external_registers.\write_ring' using process `\nanoV_external_registers.$proc$src/nanoV/register_external.v:55$7'.
  created $dff cell `$procdff$46' with positive edge clock.
Creating register for signal `\nanoV_external_registers.\last_data_rd_next' using process `\nanoV_external_registers.$proc$src/nanoV/register_external.v:55$7'.
  created $dff cell `$procdff$47' with positive edge clock.
Creating register for signal `\nanoV_external_registers.\read_through_rs1' using process `\nanoV_external_registers.$proc$src/nanoV/register_external.v:55$7'.
  created $dff cell `$procdff$48' with positive edge clock.
Creating register for signal `\nanoV_external_registers.\read_through_rs2' using process `\nanoV_external_registers.$proc$src/nanoV/register_external.v:55$7'.
  created $dff cell `$procdff$49' with positive edge clock.

3.2.10. Executing PROC_MEMWR pass (convert process memory writes to cells).

3.2.11. Executing PROC_CLEAN pass (remove empty switches from decision trees).
Found and cleaned up 3 empty switches in `\nanoV_external_registers.$proc$src/nanoV/register_external.v:55$7'.
Removing empty process `nanoV_external_registers.$proc$src/nanoV/register_external.v:55$7'.
Cleaned up 3 empty switches.

3.2.12. Executing OPT_EXPR pass (perform const folding).
Optimizing module nanoV_external_registers.
<suppressed ~3 debug messages>

3.3. Executing OPT_EXPR pass (perform const folding).
Optimizing module nanoV_external_registers.

3.4. Executing OPT_CLEAN pass (remove unused cells and wires).
Finding unused cells or wires in module \nanoV_external_registers..
Removed 0 unused cells and 17 unused wires.
<suppressed ~1 debug messages>

3.5. Executing CHECK pass (checking for obvious problems).
Checking module nanoV_external_registers...
Found and reported 0 problems.

3.6. Executing OPT pass (performing simple optimizations).

3.6.1. Executing OPT_EXPR pass (perform const folding).
Optimizing module nanoV_external_registers.

3.6.2. Executing OPT_MERGE pass (detect identical cells).
Finding identical cells in module `\nanoV_external_registers'.
<suppressed ~6 debug messages>
Removed a total of 2 cells.

3.6.3. Executing OPT_MUXTREE pass (detect dead branches in mux trees).
Running muxtree optimizer on module \nanoV_external_registers..
  Creating internal representation of mux trees.
  Evaluating internal representation of mux trees.
  Analyzing evaluation results.
Removed 0 multiplexer ports.
<suppressed ~6 debug messages>

3.6.4. Executing OPT_REDUCE pass (consolidate $*mux and $reduce_* inputs).
  Optimizing cells in module \nanoV_external_registers.
Performed a total of 0 changes.

3.6.5. Executing OPT_MERGE pass (detect identical cells).
Finding identical cells in module `\nanoV_external_registers'.
Removed a total of 0 cells.

3.6.6. Executing OPT_DFF pass (perform DFF optimizations).

3.6.7. Executing OPT_CLEAN pass (remove unused cells and wires).
Finding unused cells or wires in module \nanoV_external_registers..
Removed 0 unused cells and 2 unused wires.
<suppressed ~1 debug messages>

3.6.8. Executing OPT_EXPR pass (perform const folding).
Optimizing module nanoV_external_registers.

3.6.9. Rerunning OPT passes. (Maybe there is more to do..)

3.6.10. Executing OPT_MUXTREE pass (detect dead branches in mux trees).
Running muxtree optimizer on module \nanoV_external_registers..
  Creating internal representation of mux trees.
  Evaluating internal representation of mux trees.
  Analyzing evaluation results.
Removed 0 multiplexer ports.
<suppressed ~6 debug messages>

3.6.11. Executing OPT_REDUCE pass (consolidate $*mux and $reduce_* inputs).
  Optimizing cells in module \nanoV_external_registers.
Performed a total of 0 changes.

3.6.12. Executing OPT_MERGE pass (detect identical cells).
Finding identical cells in module `\nanoV_external_registers'.
Removed a total of 0 cells.

3.6.13. Executing OPT_DFF pass (perform DFF optimizations).

3.6.14. Executing OPT_CLEAN pass (remove unused cells and wires).
Finding unused cells or wires in module \nanoV_external_registers..

3.6.15. Executing OPT_EXPR pass (perform const folding).
Optimizing module nanoV_external_registers.

3.6.16. Finished OPT passes. (There is nothing left to do.)

3.7. Executing FSM pass (extract and optimize FSM).

3.7.1. Executing FSM_DETECT pass (finding FSMs in design).

3.7.2. Executing FSM_EXTRACT pass (extracting FSM from design).

3.7.3. Executing FSM_OPT pass (simple optimizations of FSMs).

3.7.4. Executing OPT_CLEAN pass (remove unused cells and wires).
Finding unused cells or wires in module \nanoV_external_registers..

3.7.5. Executing FSM_OPT pass (simple optimizations of FSMs).

3.7.6. Executing FSM_RECODE pass (re-assigning FSM state encoding).

3.7.7. Executing FSM_INFO pass (dumping all available information on FSM cells).

3.7.8. Executing FSM_MAP pass (mapping FSMs to basic logic).

3.8. Executing OPT pass (performing simple optimizations).

3.8.1. Executing OPT_EXPR pass (perform const folding).
Optimizing module nanoV_external_registers.

3.8.2. Executing OPT_MERGE pass (detect identical cells).
Finding identical cells in module `\nanoV_external_registers'.
Removed a total of 0 cells.

3.8.3. Executing OPT_MUXTREE pass (detect dead branches in mux trees).
Running muxtree optimizer on module \nanoV_external_registers..
  Creating internal representation of mux trees.
  Evaluating internal representation of mux trees.
  Analyzing evaluation results.
Removed 0 multiplexer ports.
<suppressed ~6 debug messages>

3.8.4. Executing OPT_REDUCE pass (consolidate $*mux and $reduce_* inputs).
  Optimizing cells in module \nanoV_external_registers.
Performed a total of 0 changes.

3.8.5. Executing OPT_MERGE pass (detect identical cells).
Finding identical cells in module `\nanoV_external_registers'.
Removed a total of 0 cells.

3.8.6. Executing OPT_DFF pass (perform DFF optimizations).

3.8.7. Executing OPT_CLEAN pass (remove unused cells and wires).
Finding unused cells or wires in module \nanoV_external_registers..

3.8.8. Executing OPT_EXPR pass (perform const folding).
Optimizing module nanoV_external_registers.

3.8.9. Finished OPT passes. (There is nothing left to do.)

3.9. Executing WREDUCE pass (reducing word size of cells).
Removed top 2 bits (of 4) from port B of cell nanoV_external_registers.$ne$src/nanoV/register_external.v:52$2 ($ne).
Removed top 1 bits (of 4) from port B of cell nanoV_external_registers.$ne$src/nanoV/register_external.v:52$4 ($ne).
Removed top 2 bits (of 4) from port B of cell nanoV_external_registers.$eq$src/nanoV/register_external.v:89$15 ($eq).
Removed top 1 bits (of 5) from port B of cell nanoV_external_registers.$eq$src/nanoV/register_external.v:89$16 ($eq).
Removed top 1 bits (of 4) from port B of cell nanoV_external_registers.$eq$src/nanoV/register_external.v:90$17 ($eq).
Removed top 2 bits (of 4) from port B of cell nanoV_external_registers.$eq$src/nanoV/register_external.v:92$23 ($eq).
Removed top 1 bits (of 4) from port B of cell nanoV_external_registers.$eq$src/nanoV/register_external.v:93$25 ($eq).

3.10. Executing PEEPOPT pass (run peephole optimizers).

3.11. Executing OPT_CLEAN pass (remove unused cells and wires).
Finding unused cells or wires in module \nanoV_external_registers..

3.12. Executing ALUMACC pass (create $alu and $macc cells).
Extracting $alu and $macc cells in module nanoV_external_registers:
  created 0 $alu and 0 $macc cells.

3.13. Executing SHARE pass (SAT-based resource sharing).

3.14. Executing OPT pass (performing simple optimizations).

3.14.1. Executing OPT_EXPR pass (perform const folding).
Optimizing module nanoV_external_registers.

3.14.2. Executing OPT_MERGE pass (detect identical cells).
Finding identical cells in module `\nanoV_external_registers'.
Removed a total of 0 cells.

3.14.3. Executing OPT_MUXTREE pass (detect dead branches in mux trees).
Running muxtree optimizer on module \nanoV_external_registers..
  Creating internal representation of mux trees.
  Evaluating internal representation of mux trees.
  Analyzing evaluation results.
Removed 0 multiplexer ports.
<suppressed ~6 debug messages>

3.14.4. Executing OPT_REDUCE pass (consolidate $*mux and $reduce_* inputs).
  Optimizing cells in module \nanoV_external_registers.
Performed a total of 0 changes.

3.14.5. Executing OPT_MERGE pass (detect identical cells).
Finding identical cells in module `\nanoV_external_registers'.
Removed a total of 0 cells.

3.14.6. Executing OPT_DFF pass (perform DFF optimizations).

3.14.7. Executing OPT_CLEAN pass (remove unused cells and wires).
Finding unused cells or wires in module \nanoV_external_registers..

3.14.8. Executing OPT_EXPR pass (perform const folding).
Optimizing module nanoV_external_registers.

3.14.9. Finished OPT passes. (There is nothing left to do.)

3.15. Executing MEMORY pass.

3.15.1. Executing OPT_MEM pass (optimize memories).
Performed a total of 0 transformations.

3.15.2. Executing OPT_MEM_PRIORITY pass (removing unnecessary memory write priority relations).
Performed a total of 0 transformations.

3.15.3. Executing OPT_MEM_FEEDBACK pass (finding memory read-to-write feedback paths).

3.15.4. Executing MEMORY_BMUX2ROM pass (converting muxes to ROMs).

3.15.5. Executing MEMORY_DFF pass (merging $dff cells to $memrd).

3.15.6. Executing OPT_CLEAN pass (remove unused cells and wires).
Finding unused cells or wires in module \nanoV_external_registers..

3.15.7. Executing MEMORY_SHARE pass (consolidating $memrd/$memwr cells).

3.15.8. Executing OPT_MEM_WIDEN pass (optimize memories where all ports are wide).
Performed a total of 0 transformations.

3.15.9. Executing OPT_CLEAN pass (remove unused cells and wires).
Finding unused cells or wires in module \nanoV_external_registers..

3.15.10. Executing MEMORY_COLLECT pass (generating $mem cells).

3.16. Executing OPT_CLEAN pass (remove unused cells and wires).
Finding unused cells or wires in module \nanoV_external_registers..

3.17. Executing OPT pass (performing simple optimizations).

3.17.1. Executing OPT_EXPR pass (perform const folding).
Optimizing module nanoV_external_registers.

3.17.2. Executing OPT_MERGE pass (detect identical cells).
Finding identical cells in module `\nanoV_external_registers'.
Removed a total of 0 cells.

3.17.3. Executing OPT_DFF pass (perform DFF optimizations).

3.17.4. Executing OPT_CLEAN pass (remove unused cells and wires).
Finding unused cells or wires in module \nanoV_external_registers..

3.17.5. Finished fast OPT passes.

3.18. Executing MEMORY_MAP pass (converting memories to logic and flip-flops).

3.19. Executing OPT pass (performing simple optimizations).

3.19.1. Executing OPT_EXPR pass (perform const folding).
Optimizing module nanoV_external_registers.

3.19.2. Executing OPT_MERGE pass (detect identical cells).
Finding identical cells in module `\nanoV_external_registers'.
Removed a total of 0 cells.

3.19.3. Executing OPT_MUXTREE pass (detect dead branches in mux trees).
Running muxtree optimizer on module \nanoV_external_registers..
  Creating internal representation of mux trees.
  Evaluating internal representation of mux trees.
  Analyzing evaluation results.
Removed 0 multiplexer ports.
<suppressed ~6 debug messages>

3.19.4. Executing OPT_REDUCE pass (consolidate $*mux and $reduce_* inputs).
  Optimizing cells in module \nanoV_external_registers.
Performed a total of 0 changes.

3.19.5. Executing OPT_MERGE pass (detect identical cells).
Finding identical cells in module `\nanoV_external_registers'.
Removed a total of 0 cells.

3.19.6. Executing OPT_SHARE pass.

3.19.7. Executing OPT_DFF pass (perform DFF optimizations).

3.19.8. Executing OPT_CLEAN pass (remove unused cells and wires).
Finding unused cells or wires in module \nanoV_external_registers..

3.19.9. Executing OPT_EXPR pass (perform const folding).
Optimizing module nanoV_external_registers.

3.19.10. Finished OPT passes. (There is nothing left to do.)

3.20. Executing TECHMAP pass (map to technology primitives).

3.20.1. Executing Verilog-2005 frontend: /usr/local/bin/../share/yosys/techmap.v
Parsing Verilog input from `/usr/local/bin/../share/yosys/techmap.v' to AST representation.
Generating RTLIL representation for module `\_90_simplemap_bool_ops'.
Generating RTLIL representation for module `\_90_simplemap_reduce_ops'.
Generating RTLIL representation for module `\_90_simplemap_logic_ops'.
Generating RTLIL representation for module `\_90_simplemap_compare_ops'.
Generating RTLIL representation for module `\_90_simplemap_various'.
Generating RTLIL representation for module `\_90_simplemap_registers'.
Generating RTLIL representation for module `\_90_shift_ops_shr_shl_sshl_sshr'.
Generating RTLIL representation for module `\_90_shift_shiftx'.
Generating RTLIL representation for module `\_90_fa'.
Generating RTLIL representation for module `\_90_lcu_brent_kung'.
Generating RTLIL representation for module `\_90_alu'.
Generating RTLIL representation for module `\_90_macc'.
Generating RTLIL representation for module `\_90_alumacc'.
Generating RTLIL representation for module `\$__div_mod_u'.
Generating RTLIL representation for module `\$__div_mod_trunc'.
Generating RTLIL representation for module `\_90_div'.
Generating RTLIL representation for module `\_90_mod'.
Generating RTLIL representation for module `\$__div_mod_floor'.
Generating RTLIL representation for module `\_90_divfloor'.
Generating RTLIL representation for module `\_90_modfloor'.
Generating RTLIL representation for module `\_90_pow'.
Generating RTLIL representation for module `\_90_pmux'.
Generating RTLIL representation for module `\_90_demux'.
Generating RTLIL representation for module `\_90_lut'.
Successfully finished Verilog frontend.

3.20.2. Continuing TECHMAP pass.
Using extmapper simplemap for cells of type $reduce_bool.
Using extmapper simplemap for cells of type $ne.
Using extmapper simplemap for cells of type $logic_and.
Using extmapper simplemap for cells of type $eq.
Using extmapper simplemap for cells of type $logic_not.
Using extmapper simplemap for cells of type $mux.
Using extmapper simplemap for cells of type $dff.
No more expansions possible.
<suppressed ~111 debug messages>

3.21. Executing OPT pass (performing simple optimizations).

3.21.1. Executing OPT_EXPR pass (perform const folding).
Optimizing module nanoV_external_registers.
<suppressed ~40 debug messages>

3.21.2. Executing OPT_MERGE pass (detect identical cells).
Finding identical cells in module `\nanoV_external_registers'.
<suppressed ~33 debug messages>
Removed a total of 11 cells.

3.21.3. Executing OPT_DFF pass (perform DFF optimizations).

3.21.4. Executing OPT_CLEAN pass (remove unused cells and wires).
Finding unused cells or wires in module \nanoV_external_registers..
Removed 6 unused cells and 31 unused wires.
<suppressed ~7 debug messages>

3.21.5. Finished fast OPT passes.

3.22. Executing ABC pass (technology mapping using ABC).

3.22.1. Extracting gate netlist of module `\nanoV_external_registers' to `<abc-temp-dir>/input.blif'..
Extracted 137 gates and 302 wires to a netlist network with 164 inputs and 71 outputs.

3.22.1.1. Executing ABC.
Running ABC command: "<yosys-exe-dir>/yosys-abc" -s -f <abc-temp-dir>/abc.script 2>&1
ABC: ABC command line: "source <abc-temp-dir>/abc.script".
ABC:
ABC: + read_blif <abc-temp-dir>/input.blif
ABC: + read_library <abc-temp-dir>/stdcells.genlib
ABC: Entered genlib library with 13 gates from file "<abc-temp-dir>/stdcells.genlib".
ABC: + strash
ABC: + dretime
ABC: + map
ABC: + write_blif <abc-temp-dir>/output.blif

3.22.1.2. Re-integrating ABC results.
ABC RESULTS:               AND cells:        1
ABC RESULTS:               XOR cells:        8
ABC RESULTS:               NOR cells:        5
ABC RESULTS:             ORNOT cells:        3
ABC RESULTS:                OR cells:       12
ABC RESULTS:            ANDNOT cells:       13
ABC RESULTS:              NAND cells:        7
ABC RESULTS:               MUX cells:       72
ABC RESULTS:        internal signals:       67
ABC RESULTS:           input signals:      164
ABC RESULTS:          output signals:       71
Removing temp directory.

3.23. Executing OPT pass (performing simple optimizations).

3.23.1. Executing OPT_EXPR pass (perform const folding).
Optimizing module nanoV_external_registers.

3.23.2. Executing OPT_MERGE pass (detect identical cells).
Finding identical cells in module `\nanoV_external_registers'.
Removed a total of 0 cells.

3.23.3. Executing OPT_DFF pass (perform DFF optimizations).

3.23.4. Executing OPT_CLEAN pass (remove unused cells and wires).
Finding unused cells or wires in module \nanoV_external_registers..
Removed 0 unused cells and 287 unused wires.
<suppressed ~4 debug messages>

3.23.5. Finished fast OPT passes.

3.24. Executing HIERARCHY pass (managing design hierarchy).

3.24.1. Analyzing design hierarchy..
Top module:  \nanoV_external_registers

3.24.2. Analyzing design hierarchy..
Top module:  \nanoV_external_registers
Removed 0 unused modules.

3.25. Printing statistics.

=== nanoV_external_registers ===

   Number of wires:                 84
   Number of wire bits:            382
   Number of public wires:          29
   Number of public wire bits:     234
   Number of ports:                 20
   Number of port bits:            132
   Number of memories:               0
   Number of memory bits:            0
   Number of processes:              0
   Number of cells:                220
     $_ANDNOT_                      13
     $_AND_                          1
     $_DFF_P_                       99
     $_MUX_                         72
     $_NAND_                         7
     $_NOR_                          5
     $_ORNOT_                        3
     $_OR_                          12
     $_XOR_                          8

3.26. Executing CHECK pass (checking for obvious problems).
Checking module nanoV_external_registers...
Found and reported 0 problems.

4. Printing statistics.

=== nanoV_external_registers ===

   Number of wires:                 84
   Number of wire bits:            382
   Number of public wires:          29
   Number of public wire bits:     234
   Number of ports:                 20
   Number of port bits:            132
   Number of memories:               0
   Number of memory bits:            0
   Number of processes:              0
   Number of cells:                220
     $_ANDNOT_                      13
     $_AND_                          1
     $_DFF_P_                       99
     $_MUX_                         72
     $_NAND_                         7
     $_NOR_                          5
     $_ORNOT_                        3
     $_OR_                          12
     $_XOR_                          8

End of script. Logfile hash: 367cfe7b8f, CPU: user 0.05s system 0.04s, MEM: 20.18 MB peak
Yosys 0.45+106 (git sha1 dcf9f5831, g++ 9.5.0-1ubuntu1~22.04 -fPIC -O3)
Time spent: 47% 1x abc (0 sec), 11% 14x opt_expr (0 sec), ...
