
 /----------------------------------------------------------------------------\
 |  yosys -- Yosys Open SYnthesis Suite                                       |
 |  Copyright (C) 2012 - 2024  Claire Xenia Wolf <claire@yosyshq.com>         |
 |  Distributed under an ISC-like license, type "license" to see terms        |
 \----------------------------------------------------------------------------/
 Yosys 0.45+106 (git sha1 dcf9f5831, g++ 9.5.0-1ubuntu1~22.04 -fPIC -O3)

-- Executing script file `scripts/synth_register_spi.ys' --

1. Executing Verilog-2005 frontend: src/nanoV/register_spi.v
Parsing Verilog input from `src/nanoV/register_spi.v' to AST representation.
Generating RTLIL representation for module `\nanoV_register_spi'.
Successfully finished Verilog frontend.

2. Executing HIERARCHY pass (managing design hierarchy).

2.1. Analyzing design hierarchy..
Top module:  \nanoV_register_spi

2.2. Analyzing design hierarchy..
Top module:  \nanoV_register_spi
Removed 0 unused modules.

3. Executing SYNTH pass.

3.1. Executing HIERARCHY pass (managing design hierarchy).

3.1.1. Analyzing design hierarchy..
Top module:  \nanoV_register_spi

3.1.2. Analyzing design hierarchy..
Top module:  \nanoV_register_spi
Removed 0 unused modules.

3.2. Executing PROC pass (convert processes to netlists).

3.2.1. Executing PROC_CLEAN pass (remove empty switches from decision trees).
Cleaned up 0 empty switches.

3.2.2. Executing PROC_RMDEAD pass (remove dead branches from decision trees).
Marked 5 switch rules as full_case in process $proc$src/nanoV/register_spi.v:73$15 in module nanoV_register_spi.
Removed a total of 0 dead cases.

3.2.3. Executing PROC_PRUNE pass (remove redundant assignments in processes).
Removed 1 redundant assignment.
Promoted 0 assignments to connections.

3.2.4. Executing PROC_INIT pass (extract init attributes).

3.2.5. Executing PROC_ARST pass (detect async resets in processes).

3.2.6. Executing PROC_ROM pass (convert switches to ROMs).
Converted 0 switches.
<suppressed ~7 debug messages>

3.2.7. Executing PROC_MUX pass (convert decision trees to multiplexers).
Creating decoders for process `\nanoV_register_spi.$proc$src/nanoV/register_spi.v:73$15'.
     1/8: $0\done[0:0]
     2/8: $0\read_shift[31:0]
     3/8: $0\reg_index_latched[3:0]
     4/8: $0\write_latched[0:0]
     5/8: $0\bit_count[4:0]
     6/8: $0\state[1:0]
     7/8: $0\spi_select[0:0]
     8/8: $0\busy[0:0]

3.2.8. Executing PROC_DLATCH pass (convert process syncs to latches).

3.2.9. Executing PROC_DFF pass (convert process syncs to FFs).
Creating register for signal `\nanoV_register_spi.\busy' using process `\nanoV_register_spi.$proc$src/nanoV/register_spi.v:73$15'.
  created $dff cell `$procdff$127' with positive edge clock.
Creating register for signal `\nanoV_register_spi.\done' using process `\nanoV_register_spi.$proc$src/nanoV/register_spi.v:73$15'.
  created $dff cell `$procdff$128' with positive edge clock.
Creating register for signal `\nanoV_register_spi.\spi_select' using process `\nanoV_register_spi.$proc$src/nanoV/register_spi.v:73$15'.
  created $dff cell `$procdff$129' with positive edge clock.
Creating register for signal `\nanoV_register_spi.\state' using process `\nanoV_register_spi.$proc$src/nanoV/register_spi.v:73$15'.
  created $dff cell `$procdff$130' with positive edge clock.
Creating register for signal `\nanoV_register_spi.\bit_count' using process `\nanoV_register_spi.$proc$src/nanoV/register_spi.v:73$15'.
  created $dff cell `$procdff$131' with positive edge clock.
Creating register for signal `\nanoV_register_spi.\write_latched' using process `\nanoV_register_spi.$proc$src/nanoV/register_spi.v:73$15'.
  created $dff cell `$procdff$132' with positive edge clock.
Creating register for signal `\nanoV_register_spi.\reg_index_latched' using process `\nanoV_register_spi.$proc$src/nanoV/register_spi.v:73$15'.
  created $dff cell `$procdff$133' with positive edge clock.
Creating register for signal `\nanoV_register_spi.\read_shift' using process `\nanoV_register_spi.$proc$src/nanoV/register_spi.v:73$15'.
  created $dff cell `$procdff$134' with positive edge clock.

3.2.10. Executing PROC_MEMWR pass (convert process memory writes to cells).

3.2.11. Executing PROC_CLEAN pass (remove empty switches from decision trees).
Found and cleaned up 7 empty switches in `\nanoV_register_spi.$proc$src/nanoV/register_spi.v:73$15'.
Removing empty process `nanoV_register_spi.$proc$src/nanoV/register_spi.v:73$15'.
Cleaned up 7 empty switches.

3.2.12. Executing OPT_EXPR pass (perform const folding).
Optimizing module nanoV_register_spi.
<suppressed ~10 debug messages>

3.3. Executing OPT_EXPR pass (perform const folding).
Optimizing module nanoV_register_spi.

3.4. Executing OPT_CLEAN pass (remove unused cells and wires).
Finding unused cells or wires in module \nanoV_register_spi..
Removed 2 unused cells and 52 unused wires.
<suppressed ~3 debug messages>

3.5. Executing CHECK pass (checking for obvious problems).
Checking module nanoV_register_spi...
Found and reported 0 problems.

3.6. Executing OPT pass (performing simple optimizations).

3.6.1. Executing OPT_EXPR pass (perform const folding).
Optimizing module nanoV_register_spi.

3.6.2. Executing OPT_MERGE pass (detect identical cells).
Finding identical cells in module `\nanoV_register_spi'.
<suppressed ~12 debug messages>
Removed a total of 4 cells.

3.6.3. Executing OPT_MUXTREE pass (detect dead branches in mux trees).
Running muxtree optimizer on module \nanoV_register_spi..
  Creating internal representation of mux trees.
  Evaluating internal representation of mux trees.
  Analyzing evaluation results.
Removed 0 multiplexer ports.
<suppressed ~10 debug messages>

3.6.4. Executing OPT_REDUCE pass (consolidate $*mux and $reduce_* inputs).
  Optimizing cells in module \nanoV_register_spi.
Performed a total of 0 changes.

3.6.5. Executing OPT_MERGE pass (detect identical cells).
Finding identical cells in module `\nanoV_register_spi'.
<suppressed ~3 debug messages>
Removed a total of 1 cells.

3.6.6. Executing OPT_DFF pass (perform DFF optimizations).

3.6.7. Executing OPT_CLEAN pass (remove unused cells and wires).
Finding unused cells or wires in module \nanoV_register_spi..
Removed 0 unused cells and 5 unused wires.
<suppressed ~1 debug messages>

3.6.8. Executing OPT_EXPR pass (perform const folding).
Optimizing module nanoV_register_spi.
<suppressed ~1 debug messages>

3.6.9. Rerunning OPT passes. (Maybe there is more to do..)

3.6.10. Executing OPT_MUXTREE pass (detect dead branches in mux trees).
Running muxtree optimizer on module \nanoV_register_spi..
  Creating internal representation of mux trees.
  Evaluating internal representation of mux trees.
  Analyzing evaluation results.
Removed 0 multiplexer ports.
<suppressed ~10 debug messages>

3.6.11. Executing OPT_REDUCE pass (consolidate $*mux and $reduce_* inputs).
  Optimizing cells in module \nanoV_register_spi.
Performed a total of 0 changes.

3.6.12. Executing OPT_MERGE pass (detect identical cells).
Finding identical cells in module `\nanoV_register_spi'.
Removed a total of 0 cells.

3.6.13. Executing OPT_DFF pass (perform DFF optimizations).

3.6.14. Executing OPT_CLEAN pass (remove unused cells and wires).
Finding unused cells or wires in module \nanoV_register_spi..
Removed 0 unused cells and 1 unused wires.
<suppressed ~1 debug messages>

3.6.15. Executing OPT_EXPR pass (perform const folding).
Optimizing module nanoV_register_spi.

3.6.16. Rerunning OPT passes. (Maybe there is more to do..)

3.6.17. Executing OPT_MUXTREE pass (detect dead branches in mux trees).
Running muxtree optimizer on module \nanoV_register_spi..
  Creating internal representation of mux trees.
  Evaluating internal representation of mux trees.
  Analyzing evaluation results.
Removed 0 multiplexer ports.
<suppressed ~10 debug messages>

3.6.18. Executing OPT_REDUCE pass (consolidate $*mux and $reduce_* inputs).
  Optimizing cells in module \nanoV_register_spi.
Performed a total of 0 changes.

3.6.19. Executing OPT_MERGE pass (detect identical cells).
Finding identical cells in module `\nanoV_register_spi'.
Removed a total of 0 cells.

3.6.20. Executing OPT_DFF pass (perform DFF optimizations).

3.6.21. Executing OPT_CLEAN pass (remove unused cells and wires).
Finding unused cells or wires in module \nanoV_register_spi..

3.6.22. Executing OPT_EXPR pass (perform const folding).
Optimizing module nanoV_register_spi.

3.6.23. Finished OPT passes. (There is nothing left to do.)

3.7. Executing FSM pass (extract and optimize FSM).

3.7.1. Executing FSM_DETECT pass (finding FSMs in design).
Found FSM state register nanoV_register_spi.state.

3.7.2. Executing FSM_EXTRACT pass (extracting FSM from design).
Extracting FSM `\state' from module `\nanoV_register_spi'.
  found $dff cell for state register: $procdff$130
  root of input selection tree: $0\state[1:0]
  found reset state: 2'00 (guessed from mux tree)
  found ctrl input: \rstn
  found state code: 2'00
  found ctrl input: $eq$src/nanoV/register_spi.v:86$17_Y
  found ctrl input: $eq$src/nanoV/register_spi.v:51$4_Y
  found ctrl input: $eq$src/nanoV/register_spi.v:107$22_Y
  found state code: 2'10
  found ctrl input: \start
  found state code: 2'01
  found ctrl output: $eq$src/nanoV/register_spi.v:51$4_Y
  found ctrl output: $eq$src/nanoV/register_spi.v:52$7_Y
  found ctrl output: $eq$src/nanoV/register_spi.v:86$17_Y
  ctrl inputs: { $eq$src/nanoV/register_spi.v:107$22_Y \start \rstn }
  ctrl outputs: { $eq$src/nanoV/register_spi.v:86$17_Y $0\state[1:0] $eq$src/nanoV/register_spi.v:52$7_Y $eq$src/nanoV/register_spi.v:51$4_Y }
  transition:       2'00 3'--0 ->       2'00 5'10000
  transition:       2'00 3'-01 ->       2'00 5'10000
  transition:       2'00 3'-11 ->       2'01 5'10100
  transition:       2'10 3'--0 ->       2'00 5'00010
  transition:       2'10 3'0-1 ->       2'10 5'01010
  transition:       2'10 3'1-1 ->       2'00 5'00010
  transition:       2'01 3'--0 ->       2'00 5'00001
  transition:       2'01 3'0-1 ->       2'01 5'00101
  transition:       2'01 3'1-1 ->       2'10 5'01001

3.7.3. Executing FSM_OPT pass (simple optimizations of FSMs).
Optimizing FSM `$fsm$\state$135' from module `\nanoV_register_spi'.

3.7.4. Executing OPT_CLEAN pass (remove unused cells and wires).
Finding unused cells or wires in module \nanoV_register_spi..
Removed 10 unused cells and 10 unused wires.
<suppressed ~11 debug messages>

3.7.5. Executing FSM_OPT pass (simple optimizations of FSMs).
Optimizing FSM `$fsm$\state$135' from module `\nanoV_register_spi'.
  Removing unused output signal $0\state[1:0] [0].
  Removing unused output signal $0\state[1:0] [1].

3.7.6. Executing FSM_RECODE pass (re-assigning FSM state encoding).
Recoding FSM `$fsm$\state$135' from module `\nanoV_register_spi' using `auto' encoding:
  mapping auto encoding to `one-hot` for this FSM.
  00 -> --1
  10 -> -1-
  01 -> 1--

3.7.7. Executing FSM_INFO pass (dumping all available information on FSM cells).

FSM `$fsm$\state$135' from module `nanoV_register_spi':
-------------------------------------

  Information on FSM $fsm$\state$135 (\state):

  Number of input signals:    3
  Number of output signals:   3
  Number of state bits:       3

  Input signals:
    0: \rstn
    1: \start
    2: $eq$src/nanoV/register_spi.v:107$22_Y

  Output signals:
    0: $eq$src/nanoV/register_spi.v:51$4_Y
    1: $eq$src/nanoV/register_spi.v:52$7_Y
    2: $eq$src/nanoV/register_spi.v:86$17_Y

  State encoding:
    0:      3'--1  <RESET STATE>
    1:      3'-1-
    2:      3'1--

  Transition Table (state_in, ctrl_in, state_out, ctrl_out):
      0:     0 3'--0   ->     0 3'100
      1:     0 3'-01   ->     0 3'100
      2:     0 3'-11   ->     2 3'100
      3:     1 3'--0   ->     0 3'010
      4:     1 3'1-1   ->     0 3'010
      5:     1 3'0-1   ->     1 3'010
      6:     2 3'--0   ->     0 3'001
      7:     2 3'1-1   ->     1 3'001
      8:     2 3'0-1   ->     2 3'001

-------------------------------------

3.7.8. Executing FSM_MAP pass (mapping FSMs to basic logic).
Mapping FSM `$fsm$\state$135' from module `\nanoV_register_spi'.

3.8. Executing OPT pass (performing simple optimizations).

3.8.1. Executing OPT_EXPR pass (perform const folding).
Optimizing module nanoV_register_spi.
<suppressed ~1 debug messages>

3.8.2. Executing OPT_MERGE pass (detect identical cells).
Finding identical cells in module `\nanoV_register_spi'.
<suppressed ~6 debug messages>
Removed a total of 2 cells.

3.8.3. Executing OPT_MUXTREE pass (detect dead branches in mux trees).
Running muxtree optimizer on module \nanoV_register_spi..
  Creating internal representation of mux trees.
  Evaluating internal representation of mux trees.
  Analyzing evaluation results.
Removed 0 multiplexer ports.
<suppressed ~9 debug messages>

3.8.4. Executing OPT_REDUCE pass (consolidate $*mux and $reduce_* inputs).
  Optimizing cells in module \nanoV_register_spi.
Performed a total of 0 changes.

3.8.5. Executing OPT_MERGE pass (detect identical cells).
Finding identical cells in module `\nanoV_register_spi'.
Removed a total of 0 cells.

3.8.6. Executing OPT_DFF pass (perform DFF optimizations).
Adding SRST signal on $procdff$134 ($dff) from module nanoV_register_spi (D = $procmux$44_Y, Q = \read_shift, rval = 0).
Adding EN signal on $auto$ff.cc:266:slice$173 ($sdff) from module nanoV_register_spi (D = $procmux$44_Y, Q = \read_shift).
Adding SRST signal on $procdff$133 ($dff) from module nanoV_register_spi (D = $procmux$52_Y, Q = \reg_index_latched, rval = 4'0000).
Adding EN signal on $auto$ff.cc:266:slice$183 ($sdff) from module nanoV_register_spi (D = \reg_index, Q = \reg_index_latched).
Adding SRST signal on $procdff$132 ($dff) from module nanoV_register_spi (D = $procmux$60_Y, Q = \write_latched, rval = 1'0).
Adding EN signal on $auto$ff.cc:266:slice$187 ($sdff) from module nanoV_register_spi (D = \write, Q = \write_latched).
Adding SRST signal on $procdff$131 ($dff) from module nanoV_register_spi (D = $procmux$77_Y, Q = \bit_count, rval = 5'00000).
Adding EN signal on $auto$ff.cc:266:slice$191 ($sdff) from module nanoV_register_spi (D = $procmux$77_Y, Q = \bit_count).
Adding SRST signal on $procdff$129 ($dff) from module nanoV_register_spi (D = $procmux$108_Y, Q = \spi_select, rval = 1'1).
Adding EN signal on $auto$ff.cc:266:slice$195 ($sdff) from module nanoV_register_spi (D = $procmux$108_Y, Q = \spi_select).
Adding SRST signal on $procdff$128 ($dff) from module nanoV_register_spi (D = $procmux$25_Y, Q = \done, rval = 1'0).
Adding SRST signal on $procdff$127 ($dff) from module nanoV_register_spi (D = $procmux$122_Y, Q = \busy, rval = 1'0).
Adding EN signal on $auto$ff.cc:266:slice$210 ($sdff) from module nanoV_register_spi (D = $procmux$122_Y, Q = \busy).

3.8.7. Executing OPT_CLEAN pass (remove unused cells and wires).
Finding unused cells or wires in module \nanoV_register_spi..
Removed 13 unused cells and 21 unused wires.
<suppressed ~14 debug messages>

3.8.8. Executing OPT_EXPR pass (perform const folding).
Optimizing module nanoV_register_spi.
<suppressed ~2 debug messages>

3.8.9. Rerunning OPT passes. (Maybe there is more to do..)

3.8.10. Executing OPT_MUXTREE pass (detect dead branches in mux trees).
Running muxtree optimizer on module \nanoV_register_spi..
  Creating internal representation of mux trees.
  Evaluating internal representation of mux trees.
  Analyzing evaluation results.
Removed 0 multiplexer ports.
<suppressed ~7 debug messages>

3.8.11. Executing OPT_REDUCE pass (consolidate $*mux and $reduce_* inputs).
  Optimizing cells in module \nanoV_register_spi.
Performed a total of 0 changes.

3.8.12. Executing OPT_MERGE pass (detect identical cells).
Finding identical cells in module `\nanoV_register_spi'.
<suppressed ~27 debug messages>
Removed a total of 9 cells.

3.8.13. Executing OPT_DFF pass (perform DFF optimizations).

3.8.14. Executing OPT_CLEAN pass (remove unused cells and wires).
Finding unused cells or wires in module \nanoV_register_spi..
Removed 0 unused cells and 9 unused wires.
<suppressed ~1 debug messages>

3.8.15. Executing OPT_EXPR pass (perform const folding).
Optimizing module nanoV_register_spi.

3.8.16. Rerunning OPT passes. (Maybe there is more to do..)

3.8.17. Executing OPT_MUXTREE pass (detect dead branches in mux trees).
Running muxtree optimizer on module \nanoV_register_spi..
  Creating internal representation of mux trees.
  Evaluating internal representation of mux trees.
  Analyzing evaluation results.
Removed 0 multiplexer ports.
<suppressed ~7 debug messages>

3.8.18. Executing OPT_REDUCE pass (consolidate $*mux and $reduce_* inputs).
  Optimizing cells in module \nanoV_register_spi.
Performed a total of 0 changes.

3.8.19. Executing OPT_MERGE pass (detect identical cells).
Finding identical cells in module `\nanoV_register_spi'.
Removed a total of 0 cells.

3.8.20. Executing OPT_DFF pass (perform DFF optimizations).

3.8.21. Executing OPT_CLEAN pass (remove unused cells and wires).
Finding unused cells or wires in module \nanoV_register_spi..

3.8.22. Executing OPT_EXPR pass (perform const folding).
Optimizing module nanoV_register_spi.

3.8.23. Finished OPT passes. (There is nothing left to do.)

3.9. Executing WREDUCE pass (reducing word size of cells).
Removed top 18 bits (of 24) from port B of cell nanoV_register_spi.$add$src/nanoV/register_spi.v:44$1 ($add).
Removed top 7 bits (of 8) from mux cell nanoV_register_spi.$ternary$src/nanoV/register_spi.v:46$2 ($mux).
Removed top 27 bits (of 32) from port A of cell nanoV_register_spi.$sub$src/nanoV/register_spi.v:51$5 ($sub).
Removed top 26 bits (of 32) from port Y of cell nanoV_register_spi.$sub$src/nanoV/register_spi.v:51$5 ($sub).
Removed top 26 bits (of 32) from port B of cell nanoV_register_spi.$shiftx$src/nanoV/register_spi.v:0$6 ($shiftx).
Removed top 1 bits (of 2) from port B of cell nanoV_register_spi.$auto$fsm_map.cc:77:implement_pattern_cache$147 ($eq).
Removed top 2 bits (of 3) from port B of cell nanoV_register_spi.$auto$opt_dff.cc:195:make_patterns_logic$178 ($ne).
Removed top 1 bits (of 2) from port B of cell nanoV_register_spi.$auto$fsm_map.cc:77:implement_pattern_cache$169 ($eq).
Removed top 7 bits (of 32) from wire nanoV_register_spi.command_word.

3.10. Executing PEEPOPT pass (run peephole optimizers).

3.11. Executing OPT_CLEAN pass (remove unused cells and wires).
Finding unused cells or wires in module \nanoV_register_spi..
Removed 0 unused cells and 1 unused wires.
<suppressed ~1 debug messages>

3.12. Executing ALUMACC pass (create $alu and $macc cells).
Extracting $alu and $macc cells in module nanoV_register_spi:
  creating $macc model for $add$src/nanoV/register_spi.v:101$20 ($add).
  creating $macc model for $add$src/nanoV/register_spi.v:44$1 ($add).
  creating $macc model for $sub$src/nanoV/register_spi.v:51$5 ($sub).
  creating $alu model for $macc $sub$src/nanoV/register_spi.v:51$5.
  creating $alu model for $macc $add$src/nanoV/register_spi.v:44$1.
  creating $alu model for $macc $add$src/nanoV/register_spi.v:101$20.
  creating $alu model for $eq$src/nanoV/register_spi.v:107$22 ($eq): merged with $sub$src/nanoV/register_spi.v:51$5.
  creating $alu cell for $add$src/nanoV/register_spi.v:101$20: $auto$alumacc.cc:485:replace_alu$221
  creating $alu cell for $add$src/nanoV/register_spi.v:44$1: $auto$alumacc.cc:485:replace_alu$224
  creating $alu cell for $sub$src/nanoV/register_spi.v:51$5, $eq$src/nanoV/register_spi.v:107$22: $auto$alumacc.cc:485:replace_alu$227
  created 3 $alu and 0 $macc cells.

3.13. Executing SHARE pass (SAT-based resource sharing).

3.14. Executing OPT pass (performing simple optimizations).

3.14.1. Executing OPT_EXPR pass (perform const folding).
Optimizing module nanoV_register_spi.

3.14.2. Executing OPT_MERGE pass (detect identical cells).
Finding identical cells in module `\nanoV_register_spi'.
Removed a total of 0 cells.

3.14.3. Executing OPT_MUXTREE pass (detect dead branches in mux trees).
Running muxtree optimizer on module \nanoV_register_spi..
  Creating internal representation of mux trees.
  Evaluating internal representation of mux trees.
  Analyzing evaluation results.
Removed 0 multiplexer ports.
<suppressed ~7 debug messages>

3.14.4. Executing OPT_REDUCE pass (consolidate $*mux and $reduce_* inputs).
  Optimizing cells in module \nanoV_register_spi.
Performed a total of 0 changes.

3.14.5. Executing OPT_MERGE pass (detect identical cells).
Finding identical cells in module `\nanoV_register_spi'.
Removed a total of 0 cells.

3.14.6. Executing OPT_DFF pass (perform DFF optimizations).

3.14.7. Executing OPT_CLEAN pass (remove unused cells and wires).
Finding unused cells or wires in module \nanoV_register_spi..
Removed 0 unused cells and 1 unused wires.
<suppressed ~1 debug messages>

3.14.8. Executing OPT_EXPR pass (perform const folding).
Optimizing module nanoV_register_spi.

3.14.9. Rerunning OPT passes. (Maybe there is more to do..)

3.14.10. Executing OPT_MUXTREE pass (detect dead branches in mux trees).
Running muxtree optimizer on module \nanoV_register_spi..
  Creating internal representation of mux trees.
  Evaluating internal representation of mux trees.
  Analyzing evaluation results.
Removed 0 multiplexer ports.
<suppressed ~7 debug messages>

3.14.11. Executing OPT_REDUCE pass (consolidate $*mux and $reduce_* inputs).
  Optimizing cells in module \nanoV_register_spi.
Performed a total of 0 changes.

3.14.12. Executing OPT_MERGE pass (detect identical cells).
Finding identical cells in module `\nanoV_register_spi'.
Removed a total of 0 cells.

3.14.13. Executing OPT_DFF pass (perform DFF optimizations).

3.14.14. Executing OPT_CLEAN pass (remove unused cells and wires).
Finding unused cells or wires in module \nanoV_register_spi..

3.14.15. Executing OPT_EXPR pass (perform const folding).
Optimizing module nanoV_register_spi.

3.14.16. Finished OPT passes. (There is nothing left to do.)

3.15. Executing MEMORY pass.

3.15.1. Executing OPT_MEM pass (optimize memories).
Performed a total of 0 transformations.

3.15.2. Executing OPT_MEM_PRIORITY pass (removing unnecessary memory write priority relations).
Performed a total of 0 transformations.

3.15.3. Executing OPT_MEM_FEEDBACK pass (finding memory read-to-write feedback paths).

3.15.4. Executing MEMORY_BMUX2ROM pass (converting muxes to ROMs).

3.15.5. Executing MEMORY_DFF pass (merging $dff cells to $memrd).

3.15.6. Executing OPT_CLEAN pass (remove unused cells and wires).
Finding unused cells or wires in module \nanoV_register_spi..

3.15.7. Executing MEMORY_SHARE pass (consolidating $memrd/$memwr cells).

3.15.8. Executing OPT_MEM_WIDEN pass (optimize memories where all ports are wide).
Performed a total of 0 transformations.

3.15.9. Executing OPT_CLEAN pass (remove unused cells and wires).
Finding unused cells or wires in module \nanoV_register_spi..

3.15.10. Executing MEMORY_COLLECT pass (generating $mem cells).

3.16. Executing OPT_CLEAN pass (remove unused cells and wires).
Finding unused cells or wires in module \nanoV_register_spi..

3.17. Executing OPT pass (performing simple optimizations).

3.17.1. Executing OPT_EXPR pass (perform const folding).
Optimizing module nanoV_register_spi.
<suppressed ~24 debug messages>

3.17.2. Executing OPT_MERGE pass (detect identical cells).
Finding identical cells in module `\nanoV_register_spi'.
Removed a total of 0 cells.

3.17.3. Executing OPT_DFF pass (perform DFF optimizations).

3.17.4. Executing OPT_CLEAN pass (remove unused cells and wires).
Finding unused cells or wires in module \nanoV_register_spi..
Removed 0 unused cells and 18 unused wires.
<suppressed ~1 debug messages>

3.17.5. Finished fast OPT passes.

3.18. Executing MEMORY_MAP pass (converting memories to logic and flip-flops).

3.19. Executing OPT pass (performing simple optimizations).

3.19.1. Executing OPT_EXPR pass (perform const folding).
Optimizing module nanoV_register_spi.
<suppressed ~2 debug messages>

3.19.2. Executing OPT_MERGE pass (detect identical cells).
Finding identical cells in module `\nanoV_register_spi'.
Removed a total of 0 cells.

3.19.3. Executing OPT_MUXTREE pass (detect dead branches in mux trees).
Running muxtree optimizer on module \nanoV_register_spi..
  Creating internal representation of mux trees.
  Evaluating internal representation of mux trees.
  Analyzing evaluation results.
Removed 0 multiplexer ports.
<suppressed ~3 debug messages>

3.19.4. Executing OPT_REDUCE pass (consolidate $*mux and $reduce_* inputs).
  Optimizing cells in module \nanoV_register_spi.
Performed a total of 0 changes.

3.19.5. Executing OPT_MERGE pass (detect identical cells).
Finding identical cells in module `\nanoV_register_spi'.
Removed a total of 0 cells.

3.19.6. Executing OPT_SHARE pass.

3.19.7. Executing OPT_DFF pass (perform DFF optimizations).

3.19.8. Executing OPT_CLEAN pass (remove unused cells and wires).
Finding unused cells or wires in module \nanoV_register_spi..
Removed 0 unused cells and 1 unused wires.
<suppressed ~1 debug messages>

3.19.9. Executing OPT_EXPR pass (perform const folding).
Optimizing module nanoV_register_spi.

3.19.10. Rerunning OPT passes. (Maybe there is more to do..)

3.19.11. Executing OPT_MUXTREE pass (detect dead branches in mux trees).
Running muxtree optimizer on module \nanoV_register_spi..
  Creating internal representation of mux trees.
  Evaluating internal representation of mux trees.
  Analyzing evaluation results.
Removed 0 multiplexer ports.
<suppressed ~3 debug messages>

3.19.12. Executing OPT_REDUCE pass (consolidate $*mux and $reduce_* inputs).
  Optimizing cells in module \nanoV_register_spi.
Performed a total of 0 changes.

3.19.13. Executing OPT_MERGE pass (detect identical cells).
Finding identical cells in module `\nanoV_register_spi'.
Removed a total of 0 cells.

3.19.14. Executing OPT_SHARE pass.

3.19.15. Executing OPT_DFF pass (perform DFF optimizations).

3.19.16. Executing OPT_CLEAN pass (remove unused cells and wires).
Finding unused cells or wires in module \nanoV_register_spi..

3.19.17. Executing OPT_EXPR pass (perform const folding).
Optimizing module nanoV_register_spi.

3.19.18. Finished OPT passes. (There is nothing left to do.)

3.20. Executing TECHMAP pass (map to technology primitives).

3.20.1. Executing Verilog-2005 frontend: /usr/local/bin/../share/yosys/techmap.v
Parsing Verilog input from `/usr/local/bin/../share/yosys/techmap.v' to AST representation.
Generating RTLIL representation for module `\_90_simplemap_bool_ops'.
Generating RTLIL representation for module `\_90_simplemap_reduce_ops'.
Generating RTLIL representation for module `\_90_simplemap_logic_ops'.
Generating RTLIL representation for module `\_90_simplemap_compare_ops'.
Generating RTLIL representation for module `\_90_simplemap_various'.
Generating RTLIL representation for module `\_90_simplemap_registers'.
Generating RTLIL representation for module `\_90_shift_ops_shr_shl_sshl_sshr'.
Generating RTLIL representation for module `\_90_shift_shiftx'.
Generating RTLIL representation for module `\_90_fa'.
Generating RTLIL representation for module `\_90_lcu_brent_kung'.
Generating RTLIL representation for module `\_90_alu'.
Generating RTLIL representation for module `\_90_macc'.
Generating RTLIL representation for module `\_90_alumacc'.
Generating RTLIL representation for module `\$__div_mod_u'.
Generating RTLIL representation for module `\$__div_mod_trunc'.
Generating RTLIL representation for module `\_90_div'.
Generating RTLIL representation for module `\_90_mod'.
Generating RTLIL representation for module `\$__div_mod_floor'.
Generating RTLIL representation for module `\_90_divfloor'.
Generating RTLIL representation for module `\_90_modfloor'.
Generating RTLIL representation for module `\_90_pow'.
Generating RTLIL representation for module `\_90_pmux'.
Generating RTLIL representation for module `\_90_demux'.
Generating RTLIL representation for module `\_90_lut'.
Successfully finished Verilog frontend.

3.20.2. Continuing TECHMAP pass.
Using extmapper simplemap for cells of type $not.
Using extmapper simplemap for cells of type $and.
Using template $paramod$constmap:4afbd576d6a5bd6a1c502a722eea7de24b741605$paramod$00907cac109f586baf7e00101cd19918c729f0d4\_90_shift_shiftx for cells of type $shiftx.
Using extmapper simplemap for cells of type $logic_and.
Using template $paramod$constmap:e2101c44e3f83a0dc2da774cd1fdd19ff2da5f4f$paramod$e194a9e890de0a7be18db8bd15a1479dea055e42\_90_shift_shiftx for cells of type $shiftx.
Using extmapper simplemap for cells of type $mux.
Using extmapper simplemap for cells of type $logic_not.
Using extmapper simplemap for cells of type $reduce_or.
Using extmapper simplemap for cells of type $eq.
Using extmapper simplemap for cells of type $dff.
Using extmapper simplemap for cells of type $reduce_and.
Using extmapper simplemap for cells of type $ne.
Using extmapper simplemap for cells of type $reduce_bool.
Using template $paramod$672a140277c71df8314410f22acc08d55222c3c7\_90_alu for cells of type $alu.
Using extmapper simplemap for cells of type $sdff.
Using extmapper simplemap for cells of type $sdffe.
Using extmapper simplemap for cells of type $xor.
Using template $paramod\_90_lcu_brent_kung\WIDTH=32'00000000000000000000000000000101 for cells of type $lcu.
Using extmapper simplemap for cells of type $pos.
Using extmapper simplemap for cells of type $or.
No more expansions possible.
<suppressed ~601 debug messages>

3.21. Executing OPT pass (performing simple optimizations).

3.21.1. Executing OPT_EXPR pass (perform const folding).
Optimizing module nanoV_register_spi.
<suppressed ~672 debug messages>

3.21.2. Executing OPT_MERGE pass (detect identical cells).
Finding identical cells in module `\nanoV_register_spi'.
<suppressed ~63 debug messages>
Removed a total of 21 cells.

3.21.3. Executing OPT_DFF pass (perform DFF optimizations).

3.21.4. Executing OPT_CLEAN pass (remove unused cells and wires).
Finding unused cells or wires in module \nanoV_register_spi..
Removed 226 unused cells and 85 unused wires.
<suppressed ~227 debug messages>

3.21.5. Finished fast OPT passes.

3.22. Executing ABC pass (technology mapping using ABC).

3.22.1. Extracting gate netlist of module `\nanoV_register_spi' to `<abc-temp-dir>/input.blif'..
Extracted 134 gates and 215 wires to a netlist network with 79 inputs and 49 outputs.

3.22.1.1. Executing ABC.
Running ABC command: "<yosys-exe-dir>/yosys-abc" -s -f <abc-temp-dir>/abc.script 2>&1
ABC: ABC command line: "source <abc-temp-dir>/abc.script".
ABC:
ABC: + read_blif <abc-temp-dir>/input.blif
ABC: + read_library <abc-temp-dir>/stdcells.genlib
ABC: Entered genlib library with 13 gates from file "<abc-temp-dir>/stdcells.genlib".
ABC: + strash
ABC: + dretime
ABC: + map
ABC: + write_blif <abc-temp-dir>/output.blif

3.22.1.2. Re-integrating ABC results.
ABC RESULTS:             ORNOT cells:        4
ABC RESULTS:              NAND cells:        3
ABC RESULTS:               NOT cells:        7
ABC RESULTS:               AND cells:        3
ABC RESULTS:               MUX cells:       36
ABC RESULTS:               NOR cells:        1
ABC RESULTS:              XNOR cells:        1
ABC RESULTS:                OR cells:       16
ABC RESULTS:               XOR cells:        3
ABC RESULTS:            ANDNOT cells:       55
ABC RESULTS:        internal signals:       87
ABC RESULTS:           input signals:       79
ABC RESULTS:          output signals:       49
Removing temp directory.

3.23. Executing OPT pass (performing simple optimizations).

3.23.1. Executing OPT_EXPR pass (perform const folding).
Optimizing module nanoV_register_spi.
<suppressed ~18 debug messages>

3.23.2. Executing OPT_MERGE pass (detect identical cells).
Finding identical cells in module `\nanoV_register_spi'.
Removed a total of 0 cells.

3.23.3. Executing OPT_DFF pass (perform DFF optimizations).

3.23.4. Executing OPT_CLEAN pass (remove unused cells and wires).
Finding unused cells or wires in module \nanoV_register_spi..
Removed 1 unused cells and 135 unused wires.
<suppressed ~2 debug messages>

3.23.5. Finished fast OPT passes.

3.24. Executing HIERARCHY pass (managing design hierarchy).

3.24.1. Analyzing design hierarchy..
Top module:  \nanoV_register_spi

3.24.2. Analyzing design hierarchy..
Top module:  \nanoV_register_spi
Removed 0 unused modules.

3.25. Printing statistics.

=== nanoV_register_spi ===

   Number of wires:                150
   Number of wire bits:            341
   Number of public wires:          24
   Number of public wire bits:     211
   Number of ports:                 15
   Number of port bits:             80
   Number of memories:               0
   Number of memory bits:            0
   Number of processes:              0
   Number of cells:                176
     $_ANDNOT_                      55
     $_AND_                          3
     $_DFF_P_                        3
     $_MUX_                         36
     $_NAND_                         3
     $_NOR_                          1
     $_NOT_                          6
     $_ORNOT_                        4
     $_OR_                          16
     $_SDFFE_PN0P_                  43
     $_SDFFE_PN1P_                   1
     $_SDFF_PP0_                     1
     $_XNOR_                         1
     $_XOR_                          3

3.26. Executing CHECK pass (checking for obvious problems).
Checking module nanoV_register_spi...
Found and reported 0 problems.

4. Printing statistics.

=== nanoV_register_spi ===

   Number of wires:                150
   Number of wire bits:            341
   Number of public wires:          24
   Number of public wire bits:     211
   Number of ports:                 15
   Number of port bits:             80
   Number of memories:               0
   Number of memory bits:            0
   Number of processes:              0
   Number of cells:                176
     $_ANDNOT_                      55
     $_AND_                          3
     $_DFF_P_                        3
     $_MUX_                         36
     $_NAND_                         3
     $_NOR_                          1
     $_NOT_                          6
     $_ORNOT_                        4
     $_OR_                          16
     $_SDFFE_PN0P_                  43
     $_SDFFE_PN1P_                   1
     $_SDFF_PP0_                     1
     $_XNOR_                         1
     $_XOR_                          3

End of script. Logfile hash: a64d41fe30, CPU: user 0.12s system 0.01s, MEM: 22.76 MB peak
Yosys 0.45+106 (git sha1 dcf9f5831, g++ 9.5.0-1ubuntu1~22.04 -fPIC -O3)
Time spent: 25% 1x abc (0 sec), 17% 25x opt_expr (0 sec), ...
